# load_sqlite.py
# Build SQLite DB from staging CSVs (created by stage_hostel_tables.py)
# DB path: Data/sql/vit_vellore.db

import sqlite3, pathlib, csv, re, os, glob
from typing import Optional, Tuple, List
import pandas as pd

BASE    = pathlib.Path("Data")
STAGING = BASE / "staging"
SQLDIR  = BASE / "sql"
SQLDIR.mkdir(parents=True, exist_ok=True)
DB_PATH = SQLDIR / "vit_vellore.db"

MONEY = r"(?:₹|INR|USD|\$)\s*[\d,]+(?:\.\d+)?"

def _mk_conn():
    con = sqlite3.connect(DB_PATH)
    con.execute("PRAGMA journal_mode=WAL;")
    con.execute("PRAGMA synchronous=NORMAL;")
    return con

def _schema(con: sqlite3.Connection):
    con.executescript("""
    CREATE TABLE IF NOT EXISTS blocks (
        id INTEGER PRIMARY KEY AUTOINCREMENT,
        block_name  TEXT,
        display_name TEXT,
        gender      TEXT,     -- Male | Female
        level       TEXT,     -- First-Year | Senior | NULL
        block_type  TEXT
    );

    CREATE TABLE IF NOT EXISTS hostel_fees (
        id INTEGER PRIMARY KEY AUTOINCREMENT,
        block_id INTEGER NOT NULL,
        ay TEXT,                  -- 2025-26
        category TEXT,            -- Indian | NRI | Foreign
        occupancy TEXT,           -- "2 Sharing" / "6 Sharing" / "2 Bed" etc
        ac INTEGER,               -- 1=AC, 0=Non-AC, NULL=unknown
        mess_type TEXT,           -- Special / Non-Veg / Veg / ...
        room_mess_fee TEXT,
        admission_fee TEXT,
        caution_deposit TEXT,
        other_fee TEXT,
        total_fee TEXT,
        currency TEXT,            -- INR | USD
        source_file TEXT
    );

    CREATE TABLE IF NOT EXISTS amenities (
        id INTEGER PRIMARY KEY AUTOINCREMENT,
        block_id INTEGER NOT NULL,
        key TEXT,                 -- 'Laundry','Mess','Note'
        value TEXT
    );

    CREATE TABLE IF NOT EXISTS contacts (
        id INTEGER PRIMARY KEY AUTOINCREMENT,
        block_id INTEGER NOT NULL,
        name TEXT,
        role TEXT,
        phone TEXT,
        email TEXT
    );
    """)

def _get_or_create_block(con: sqlite3.Connection, block_name: str, display: Optional[str],
                         gender: str, level: Optional[str], btype: Optional[str]) -> int:
    row = con.execute(
        "SELECT id FROM blocks WHERE block_name=? AND IFNULL(level,'')=IFNULL(?, '') AND IFNULL(block_type,'')=IFNULL(?, '') AND IFNULL(gender,'')=IFNULL(?, '')",
        (block_name, level, btype, gender)
    ).fetchone()
    if row: return row[0]
    con.execute("INSERT INTO blocks(block_name, display_name, gender, level, block_type) VALUES(?,?,?,?,?)",
                (block_name, display or block_name, gender, level, btype))
    return con.execute("SELECT last_insert_rowid()").fetchone()[0]

def _guess_meta_from_filename(name: str) -> Tuple[str, Optional[str], str, str]:
    """Returns: gender, level, ay, category_hint"""
    n = name.lower()
    gender = "Male" if n.startswith("mh") else ("Female" if n.startswith("lh") else "")
    level  = "Senior" if "senior" in n else ("First-Year" if ("first-year" in n or "first year" in n) else None)
    # AY like 2025-26
    ay = ""
    m = re.search(r"(20\d{2})\D{0,3}(\d{2})", n)
    if m: ay = f"{m.group(1)}-{m.group(2)}"
    # category hint from filename
    if "nri" in n or "foreign" in n:
        cat = "NRI"
    elif "indian" in n:
        cat = "Indian"
    else:
        cat = ""
    return gender, level, ay, cat

# ---------- CSV column parsing helpers ----------

HEADER_ALIASES = {
    "room_type":      ["roomtype", "room", "acnonac", "ac/nonac", "ac", "nonac", "category", "roomcategory"],
    "mess_type":      ["messtype", "diet", "veg", "nonveg", "specialmess", "special"],
    "room_mess_fee":  ["roomandmessfee", "roommessfee", "hostelfee", "room&messfee", "roommess", "roomandmess", "hostelandmessfee"],
    "admission_fee":  ["admissionfee", "admission"],
    "caution_deposit":["cautiondeposit", "refundabledeposit", "caution", "deposit"],
    "other_fee":      ["other", "utility", "electricity", "maintenance", "service"],
    "total_fee":      ["total", "grandtotal", "overalltotal", "nettotal", "totalamount"],
}

def _norm(s: str) -> str:
    return re.sub(r"[^a-z0-9]+","", (s or "").lower())

def _score_header_row(cells: List[str]) -> int:
    toks = [_norm(c) for c in cells]
    score = 0
    keys = "room mess total admission caution deposit fee ac non".split()
    for k in keys:
        if any(k in t for t in toks): score += 1
    return score

def _find_header_idx(rows: List[List[str]]) -> int:
    # Look at first ~6 rows; choose the one that looks the most like headers
    best_i, best_s = 0, -1
    for i in range(min(6, len(rows))):
        s = _score_header_row(rows[i])
        if s > best_s:
            best_s, best_i = s, i
    return best_i

def _map_columns(header_cells: List[str]) -> dict:
    hnorm = [_norm(c) for c in header_cells]
    mapping = {k: None for k in HEADER_ALIASES.keys()}
    # Prefer "total" if present (to avoid mapping it to room_mess_fee)
    for k, aliases in HEADER_ALIASES.items():
        for idx, h in enumerate(hnorm):
            if any(a in h for a in aliases):
                # safeguard: if this is total and also matches room_mess_fee, let total win
                if k == "total_fee":
                    mapping[k] = idx
                elif mapping[k] is None:
                    mapping[k] = idx
    return mapping

def _detect_occupancy(text: str) -> Optional[str]:
    m = re.search(r"\b(\d+)\s*(?:/|\s)?\s*(\d+)?\s*(sharing|seater|bed|occupancy)\b", text, flags=re.I)
    if not m:
        m = re.search(r"\b(\d+)\s*(sharing|seater|bed|occupancy)\b", text, flags=re.I)
    if not m: return None
    g = [x for x in m.groups() if x and x.isdigit()]
    word = (m.groups()[-1] or "").title()
    if len(g) == 2: return f"{g[0]}/{g[1]} {word}"
    return f"{g[0]} {word}"

def _detect_ac(text: str) -> Optional[int]:
    if re.search(r"\bNon[- ]?AC\b", text, flags=re.I): return 0
    if re.search(r"\bAC\b|\bA/C\b", text, flags=re.I): return 1
    return None

def _clean_amt(s: str) -> str:
    s = (s or "").strip()
    # keep numbers/₹/$/INR/USD and commas/periods
    if not s: return ""
    return re.sub(r"[^\d₹$,\.INRUSD ]", "", s)

def _row_has_any_value(*vals) -> bool:
    return any((v or "").strip() for v in vals)

def _insert_fee_row(con, block_id: int, ay: str, category: str, occ: str, ac: Optional[int],
                    mess: str, room_mess: str, admission: str, caution: str, other: str,
                    total: str, currency: str, source_file: str):
    # Skip utterly empty rows
    if not _row_has_any_value(occ, mess, room_mess, admission, caution, other, total):
        return
    con.execute("""
        INSERT INTO hostel_fees(block_id, ay, category, occupancy, ac, mess_type,
                                room_mess_fee, admission_fee, caution_deposit, other_fee, total_fee, currency, source_file)
        VALUES(?,?,?,?,?,?,?,?,?,?,?,?,?)
    """, (block_id, ay, category, occ, ac, mess, room_mess, admission, caution, other, total, currency, source_file))

def _currency_from(filename: str, row_text: str, header_text: str) -> str:
    if "usd" in row_text.lower() or "$" in row_text or "usd" in header_text.lower():
        return "USD"
    if "inr" in row_text.lower() or "₹" in row_text or "inr" in header_text.lower():
        return "INR"
    # filename hint
    fn = filename.lower()
    if ("nri" in fn) or ("foreign" in fn): return "USD"
    if ("indian" in fn): return "INR"
    return ""

def load_staging_csvs(con: sqlite3.Connection):
    files = sorted(STAGING.glob("*.csv"))
    if not files:
        print(f"[WARN] No CSVs found in {STAGING}")
        return

    for path in files:
        gender, level, ay, cat_hint = _guess_meta_from_filename(path.stem)
        block_title = ("Men Hostel" if gender=="Male" else "Ladies Hostel") + (f" {level}" if level else "")
        block_id = _get_or_create_block(con, block_title, block_title, gender or "", level, None)

        with path.open("r", encoding="utf-8") as f:
            reader = csv.reader(f)
            rows = [r for r in reader]

        if not rows:
            continue

        # find header row, map columns
        hi = _find_header_idx(rows)
        header = rows[hi]
        colmap = _map_columns(header)
        header_text = " ".join(header)

        # process data rows after header
        for r in rows[hi+1:]:
            # ignore empty lines
            if not any(c.strip() for c in r):
                continue

            # room/mess columns
            room_col = colmap.get("room_type")
            mess_col = colmap.get("mess_type")

            room_txt = (r[room_col] if (room_col is not None and room_col < len(r)) else "")
            mess_txt = (r[mess_col] if (mess_col is not None and mess_col < len(r)) else "")

            joined = " ".join([c for c in r if c])

            # occupancy & AC from room column (fallback to whole row)
            occ = _detect_occupancy(room_txt) or _detect_occupancy(joined) or ""
            ac  = _detect_ac(room_txt) or _detect_ac(joined)

            # normalize mess labels a bit
            mess = (mess_txt or "").strip()
            # If the mapped "mess" cell looks like an amount, blank it out (it's not a mess type)
            if re.fullmatch(r"\s*(?:₹|INR|USD|\$)?\s*[\d,]+(?:\.\d+)?\s*", mess):
                mess = ""
            if re.search(r"\bspecial\b", mess, re.I): mess = "Special Mess"
            elif re.search(r"non\s*veg", mess, re.I): mess = "Non Veg"
            elif re.search(r"\bveg\b", mess, re.I):   mess = "Veg"

            # amounts
            def pick_amount(key: str) -> str:
                idx = colmap.get(key)
                if idx is not None and idx < len(r):
                    return _clean_amt(r[idx])
                return ""

            room_mess  = pick_amount("room_mess_fee")
            admission  = pick_amount("admission_fee")
            caution    = pick_amount("caution_deposit")
            other      = pick_amount("other_fee")
            total      = pick_amount("total_fee")

            # If CSV has bare numbers w/o currency, keep them; currency decided separately
            row_text = " ".join(r)
            currency = _currency_from(path.name, row_text, header_text)

            # Category fallback: filename/currency
            category = cat_hint or ("NRI" if currency=="USD" else ("Indian" if currency=="INR" else ""))

            # If NOTHING numeric in mapped columns but we do see a money token in the row, use that:
            if not _row_has_any_value(room_mess, admission, caution, other, total):
                m_all = re.findall(MONEY, row_text)
                if m_all:
                    # Heuristic: first = room+mess, last = total (if >1)
                    room_mess = m_all[0]
                    if len(m_all) > 1:
                        total = m_all[-1]

            _insert_fee_row(con, block_id, ay, category, occ, ac, mess,
                            room_mess, admission, caution, other, total, currency, path.name)

    print("[OK] Loaded staging CSVs into SQLITE.")

# ---------- NEW: parse Hostel_info__camelot_*.csv into mh_blocks/lh_blocks/hostel_contacts ----------

def _flatten_hostel_info_frames() -> str:
    paths = sorted(glob.glob(os.path.join(str(STAGING), "Hostel_info__camelot_*.csv")))
    if not paths:
        return ""
    frames = []
    for p in paths:
        df = pd.read_csv(p, header=None, dtype=str).fillna("")
        frames.append(df)
    raw = pd.concat(frames, ignore_index=True)
    # turn every row into one string so broken cells join back
    raw["joined"] = raw.apply(lambda r: " ".join([c for c in r if isinstance(c, str)]), axis=1)
    # squeeze whitespace + fix email breaks like 'vit.ac.i n'
    text = "\n".join(raw["joined"].tolist())
    text = re.sub(r"\s+", " ", text)
    text = text.replace("vit.ac.i n", "vit.ac.in")
    return text

def load_hostel_info(con: sqlite3.Connection):
    """Build mh_blocks, lh_blocks, hostel_contacts from the staged Hostel_info CSVs."""
    text = _flatten_hostel_info_frames()
    if not text:
        print("[WARN] Hostel_info__camelot_*.csv not found in staging; skipping mh/lh blocks + contacts.")
        return

    # MEN blocks (code, name, last4, email)
    pat_mh = re.compile(
        r"(MH [A-Z](?: ANNEX)?)\s+([A-Z0-9 .’'--]+?(?:ANNEX)?)(?:\s+-\s*[A-Z ]+)?\s+0416\s*220\s*(\d{4})\s+([A-Za-z.]+@vit\.ac\.in)",
        flags=re.I,
    )
    mh = pd.DataFrame(pat_mh.findall(text), columns=["block_code","block_name","last4","email"])
    if not mh.empty:
        mh["landline"] = "0416 220 " + mh["last4"]
        mh.drop(columns=["last4"], inplace=True)
        mh["block_code"] = mh["block_code"].str.upper().str.strip()
        mh["block_name"] = (mh["block_name"]
                            .str.replace("–", "-", regex=False)
                            .str.title()
                            .str.strip())

    # LADIES block wise numbers
    pat_lh = re.compile(r"(LH [A-Z]|RGT H|LH GH \(Annex\))\s+0416\s*220\s*(\d{4})", flags=re.I)
    lh = pd.DataFrame(pat_lh.findall(text), columns=["block_code","last4"])
    if not lh.empty:
        lh["landline"] = "0416 220 " + lh["last4"]
        lh.drop(columns=["last4"], inplace=True)
        lh["block_code"] = lh["block_code"].str.upper().str.strip()

    # Management / supervisors (role, name, email, phone) — seed from known lines
    rows = []
    for role, name, email, phone in [
        ("Section Supervisor (MH)", "Mr. Arasu R", "rarasu@vit.ac.in", "0416-220-2523"),
        ("Section Supervisor (LH)", "Ms. G. Subbulakshmi", "gsubbulakshmi@vit.ac.in", "0416-220-2711"),
        ("Residential Block Supervisor (LH, Transport)", "Ms. Mythily A", "mythily.a@vit.ac.in", "9488839864, 9791297375"),
    ]:
        rows.append((role, name, email, phone))
    contacts = pd.DataFrame(rows, columns=["role","name","email","phone"])

    cur = con.cursor()
    cur.execute("DROP TABLE IF EXISTS mh_blocks")
    cur.execute("DROP TABLE IF EXISTS lh_blocks")
    cur.execute("DROP TABLE IF EXISTS hostel_contacts")

    if not mh.empty:
        mh.to_sql("mh_blocks", con, index=False)
    else:
        cur.execute("CREATE TABLE IF NOT EXISTS mh_blocks (block_code TEXT, block_name TEXT, email TEXT, landline TEXT)")

    if not lh.empty:
        lh.to_sql("lh_blocks", con, index=False)
    else:
        cur.execute("CREATE TABLE IF NOT EXISTS lh_blocks (block_code TEXT, landline TEXT)")

    contacts.to_sql("hostel_contacts", con, index=False)
    print("[OK] Loaded Hostel Info (blocks + contacts) into SQLITE.")

def main():
    con = _mk_conn()
    _schema(con)
    load_staging_csvs(con)
    load_hostel_info(con)          # <-- new
    con.commit()
    con.close()
    print(f"[DONE] SQLite DB ready at: {DB_PATH}")

if __name__ == "__main__":
    main()
